../Core/Src/main.c:108:5:main	8	static
../Core/Src/main.c:194:6:SystemClock_Config	120	static
../Core/Src/main.c:254:13:MX_ETH_Init	8	static
../Core/Src/main.c:303:13:MX_USART3_UART_Init	8	static
../Core/Src/main.c:351:13:MX_USB_OTG_HS_USB_Init	4	static
../Core/Src/main.c:372:13:MX_GPIO_Init	56	static
../Core/Src/main.c:458:6:StartBlink01	16	static
../Core/Src/main.c:477:6:StartBlink02	16	static
../Core/Src/main.c:497:6:HAL_TIM_PeriodElapsedCallback	16	static
../Core/Src/main.c:514:6:Error_Handler	4	static,ignoring_inline_asm
